{
  "exclude": {
    "files": "package-lock.json|^.secrets.baseline$",
    "lines": null
  },
  "generated_at": "2021-03-09T20:33:00Z",
  "plugins_used": [
    {
      "name": "AWSKeyDetector"
    },
    {
      "name": "ArtifactoryDetector"
    },
    {
      "base64_limit": 4.5,
      "name": "Base64HighEntropyString"
    },
    {
      "name": "BasicAuthDetector"
    },
    {
      "name": "BoxDetector"
    },
    {
      "name": "CloudantDetector"
    },
    {
      "name": "GheDetector"
    },
    {
      "hex_limit": 3,
      "name": "HexHighEntropyString"
    },
    {
      "name": "IbmCloudIamDetector"
    },
    {
      "name": "IbmCosHmacDetector"
    },
    {
      "name": "JwtTokenDetector"
    },
    {
      "keyword_exclude": null,
      "name": "KeywordDetector"
    },
    {
      "name": "MailchimpDetector"
    },
    {
      "name": "PrivateKeyDetector"
    },
    {
      "name": "SlackDetector"
    },
    {
      "name": "SoftlayerDetector"
    },
    {
      "name": "StripeDetector"
    },
    {
      "name": "TwilioKeyDetector"
    }
  ],
  "results": {
    "modules/direct-link-provider/src/test/java/com/ibm/cloud/networking/direct_link_provider/v2/DirectLinkProviderTest.java": [
      {
        "hashed_secret": "8cff7739d641fa350594fe96091ff06c8b66fa30",
        "is_secret": false,
        "is_verified": false,
        "line_number": 185,
        "type": "Hex High Entropy String",
        "verified_result": null
      }
    ],
    "modules/direct-link-provider/src/test/java/com/ibm/cloud/networking/direct_link_provider/v2/model/CreateProviderGatewayOptionsTest.java": [
      {
        "hashed_secret": "8cff7739d641fa350594fe96091ff06c8b66fa30",
        "is_secret": false,
        "is_verified": false,
        "line_number": 54,
        "type": "Hex High Entropy String",
        "verified_result": null
      }
    ],
    "modules/direct-link/src/test/java/com/ibm/cloud/networking/direct_link/v1/DirectLinkTest.java": [
      {
        "hashed_secret": "d67a00cdeec75b04602db35a89c15bb6ee53c877",
        "is_secret": false,
        "is_verified": false,
        "line_number": 490,
        "type": "Hex High Entropy String",
        "verified_result": null
      }
    ],
    "modules/direct-link/src/test/java/com/ibm/cloud/networking/direct_link/v1/model/CreateGatewayActionOptionsTest.java": [
      {
        "hashed_secret": "d67a00cdeec75b04602db35a89c15bb6ee53c877",
        "is_secret": false,
        "is_verified": false,
        "line_number": 49,
        "type": "Hex High Entropy String",
        "verified_result": null
      }
    ],
    "modules/direct-link/src/test/java/com/ibm/cloud/networking/direct_link/v1/model/CreateGatewayOptionsTest.java": [
      {
        "hashed_secret": "d67a00cdeec75b04602db35a89c15bb6ee53c877",
        "is_secret": false,
        "is_verified": false,
        "line_number": 66,
        "type": "Hex High Entropy String",
        "verified_result": null
      }
    ],
    "modules/direct-link/src/test/java/com/ibm/cloud/networking/direct_link/v1/model/GatewayTemplateGatewayTypeConnectTemplateTest.java": [
      {
        "hashed_secret": "d67a00cdeec75b04602db35a89c15bb6ee53c877",
        "is_secret": false,
        "is_verified": false,
        "line_number": 47,
        "type": "Hex High Entropy String",
        "verified_result": null
      }
    ],
    "modules/direct-link/src/test/java/com/ibm/cloud/networking/direct_link/v1/model/GatewayTemplateGatewayTypeDedicatedTemplateTest.java": [
      {
        "hashed_secret": "d67a00cdeec75b04602db35a89c15bb6ee53c877",
        "is_secret": false,
        "is_verified": false,
        "line_number": 65,
        "type": "Hex High Entropy String",
        "verified_result": null
      }
    ],
    "modules/direct-link/src/test/java/com/ibm/cloud/networking/direct_link/v1/model/ResourceGroupIdentityTest.java": [
      {
        "hashed_secret": "d67a00cdeec75b04602db35a89c15bb6ee53c877",
        "is_secret": false,
        "is_verified": false,
        "line_number": 46,
        "type": "Hex High Entropy String",
        "verified_result": null
      }
    ],
    "modules/global-load-balancer-pools/src/test/java/com/ibm/cloud/networking/global_load_balancer_pools/v0/GlobalLoadBalancerPoolsTest.java": [
      {
        "hashed_secret": "fbf087ed5f01eee2bc96b8b32fa2e439ac34c5bd",
        "is_secret": false,
        "is_verified": false,
        "line_number": 322,
        "type": "Hex High Entropy String",
        "verified_result": null
      }
    ],
    "modules/global-load-balancer-pools/src/test/java/com/ibm/cloud/networking/global_load_balancer_pools/v0/model/CreateLoadBalancerPoolOptionsTest.java": [
      {
        "hashed_secret": "fbf087ed5f01eee2bc96b8b32fa2e439ac34c5bd",
        "is_secret": false,
        "is_verified": false,
        "line_number": 62,
        "type": "Hex High Entropy String",
        "verified_result": null
      }
    ],
    "modules/global-load-balancer-pools/src/test/java/com/ibm/cloud/networking/global_load_balancer_pools/v0/model/EditLoadBalancerPoolOptionsTest.java": [
      {
        "hashed_secret": "fbf087ed5f01eee2bc96b8b32fa2e439ac34c5bd",
        "is_secret": false,
        "is_verified": false,
        "line_number": 64,
        "type": "Hex High Entropy String",
        "verified_result": null
      }
    ],
    "modules/global-load-balancer/src/test/java/com/ibm/cloud/networking/global_load_balancer/v1/GlobalLoadBalancerTest.java": [
      {
        "hashed_secret": "5739467f37911e34d28eb9fba43302fcf151c8c7",
        "is_secret": false,
        "is_verified": false,
        "line_number": 213,
        "type": "Hex High Entropy String",
        "verified_result": null
      }
    ],
    "modules/global-load-balancer/src/test/java/com/ibm/cloud/networking/global_load_balancer/v1/model/CreateLoadBalancerOptionsTest.java": [
      {
        "hashed_secret": "5739467f37911e34d28eb9fba43302fcf151c8c7",
        "is_secret": false,
        "is_verified": false,
        "line_number": 50,
        "type": "Hex High Entropy String",
        "verified_result": null
      }
    ],
    "modules/global-load-balancer/src/test/java/com/ibm/cloud/networking/global_load_balancer/v1/model/EditLoadBalancerOptionsTest.java": [
      {
        "hashed_secret": "5739467f37911e34d28eb9fba43302fcf151c8c7",
        "is_secret": false,
        "is_verified": false,
        "line_number": 52,
        "type": "Hex High Entropy String",
        "verified_result": null
      }
    ],
    "modules/ssl-certificate-api/src/test/java/com/ibm/cloud/networking/ssl_certificate_api/v1/SslCertificateApiIT.java": [
      {
        "hashed_secret": "5293490d2fcdff1d7481271e4fb549ed36b75140",
        "is_secret": false,
        "is_verified": false,
        "line_number": 312,
        "type": "Hex High Entropy String",
        "verified_result": null
      }
    ],
    "modules/ssl-certificate-api/src/test/java/com/ibm/cloud/networking/ssl_certificate_api/v1/SslCertificateApiTest.java": [
      {
        "hashed_secret": "5293490d2fcdff1d7481271e4fb549ed36b75140",
        "is_secret": false,
        "is_verified": false,
        "line_number": 594,
        "type": "Hex High Entropy String",
        "verified_result": null
      }
    ],
    "modules/ssl-certificate-api/src/test/java/com/ibm/cloud/networking/ssl_certificate_api/v1/model/CertPriorityReqCertificatesItemTest.java": [
      {
        "hashed_secret": "5293490d2fcdff1d7481271e4fb549ed36b75140",
        "is_secret": false,
        "is_verified": false,
        "line_number": 45,
        "type": "Hex High Entropy String",
        "verified_result": null
      }
    ],
    "modules/ssl-certificate-api/src/test/java/com/ibm/cloud/networking/ssl_certificate_api/v1/model/ChangeCertificatePriorityOptionsTest.java": [
      {
        "hashed_secret": "5293490d2fcdff1d7481271e4fb549ed36b75140",
        "is_secret": false,
        "is_verified": false,
        "line_number": 41,
        "type": "Hex High Entropy String",
        "verified_result": null
      }
    ],
    "modules/transit-gateway-apis/src/test/java/com/ibm/cloud/networking/transit_gateway_apis/v1/TransitGatewayApisTest.java": [
      {
        "hashed_secret": "d67a00cdeec75b04602db35a89c15bb6ee53c877",
        "is_secret": false,
        "is_verified": false,
        "line_number": 172,
        "type": "Hex High Entropy String",
        "verified_result": null
      },
      {
        "hashed_secret": "eb74ff42e2e8dfbaf3e4f64a02cdadc8bedda8c3",
        "is_secret": false,
        "is_verified": false,
        "line_number": 441,
        "type": "Hex High Entropy String",
        "verified_result": null
      }
    ],
    "modules/transit-gateway-apis/src/test/java/com/ibm/cloud/networking/transit_gateway_apis/v1/model/CreateTransitGatewayConnectionOptionsTest.java": [
      {
        "hashed_secret": "eb74ff42e2e8dfbaf3e4f64a02cdadc8bedda8c3",
        "is_secret": false,
        "is_verified": false,
        "line_number": 48,
        "type": "Hex High Entropy String",
        "verified_result": null
      }
    ],
    "modules/transit-gateway-apis/src/test/java/com/ibm/cloud/networking/transit_gateway_apis/v1/model/CreateTransitGatewayOptionsTest.java": [
      {
        "hashed_secret": "d67a00cdeec75b04602db35a89c15bb6ee53c877",
        "is_secret": false,
        "is_verified": false,
        "line_number": 41,
        "type": "Hex High Entropy String",
        "verified_result": null
      }
    ],
    "modules/transit-gateway-apis/src/test/java/com/ibm/cloud/networking/transit_gateway_apis/v1/model/ResourceGroupIdentityTest.java": [
      {
        "hashed_secret": "d67a00cdeec75b04602db35a89c15bb6ee53c877",
        "is_secret": false,
        "is_verified": false,
        "line_number": 46,
        "type": "Hex High Entropy String",
        "verified_result": null
      }
    ],
    "modules/waf-rules-api/src/test/java/com/ibm/cloud/networking/waf_rules_api/v1/WafRulesApiTest.java": [
      {
        "hashed_secret": "a587143ec54127fb7acda3cbebd9d8f36c719ce9",
        "is_secret": false,
        "is_verified": false,
        "line_number": 159,
        "type": "Hex High Entropy String",
        "verified_result": null
      }
    ],
    "modules/waf-rules-api/src/test/java/com/ibm/cloud/networking/waf_rules_api/v1/model/ListWafRulesOptionsTest.java": [
      {
        "hashed_secret": "a587143ec54127fb7acda3cbebd9d8f36c719ce9",
        "is_secret": false,
        "is_verified": false,
        "line_number": 51,
        "type": "Hex High Entropy String",
        "verified_result": null
      }
    ],
    "modules/zone-lockdown/src/test/java/com/ibm/cloud/networking/zone_lockdown/v1/ZoneLockdownTest.java": [
      {
        "hashed_secret": "63bf26a5cf525deb542dbaec01d24ec8f57c6956",
        "is_secret": false,
        "is_verified": false,
        "line_number": 325,
        "type": "Hex High Entropy String",
        "verified_result": null
      }
    ],
    "modules/zone-lockdown/src/test/java/com/ibm/cloud/networking/zone_lockdown/v1/model/CreateZoneLockdownRuleOptionsTest.java": [
      {
        "hashed_secret": "63bf26a5cf525deb542dbaec01d24ec8f57c6956",
        "is_secret": false,
        "is_verified": false,
        "line_number": 51,
        "type": "Hex High Entropy String",
        "verified_result": null
      }
    ],
    "modules/zone-lockdown/src/test/java/com/ibm/cloud/networking/zone_lockdown/v1/model/UpdateLockdownRuleOptionsTest.java": [
      {
        "hashed_secret": "63bf26a5cf525deb542dbaec01d24ec8f57c6956",
        "is_secret": false,
        "is_verified": false,
        "line_number": 53,
        "type": "Hex High Entropy String",
        "verified_result": null
      }
    ]
  },
  "version": "0.13.1+ibm.31.dss",
  "word_list": {
    "file": null,
    "hash": null
  }
}
